// Jest Snapshot v1, https://goo.gl/fbAQLP

exports[`Square roor component renders 1`] = `ShallowWrapper {}`;
